=== Compilation Errors and Warnings ===
Total errors: 8
Total warnings: 0

=== Errors by Type ===

Lexical Errors:
  Line 5, Column 9: Invalid token: '@'
  Line 7, Column 11: Invalid token: '1'
  Line 7, Column 12: Invalid token: '2'
  Line 7, Column 13: Invalid token: '3'
  Line 9, Column 20: Invalid token: '.'
  Line 11, Column 15: Invalid token: '$'
  Line 18, Column 14: Invalid token: '@'

Syntax Errors:
  Line 5, Column 9: Syntax error: unexpected token '@' for non-terminal 'id_list'

Semantic Errors:
  None

Warnings:
  None

=== All Errors (in order of occurrence) ===
Lexical Error at line 5, column 9: Invalid token: '@'
Lexical Error at line 7, column 11: Invalid token: '1'
Lexical Error at line 7, column 12: Invalid token: '2'
Lexical Error at line 7, column 13: Invalid token: '3'
Lexical Error at line 9, column 20: Invalid token: '.'
Lexical Error at line 11, column 15: Invalid token: '$'
Lexical Error at line 18, column 14: Invalid token: '@'
Syntax Error at line 5, column 9: Syntax error: unexpected token '@' for non-terminal 'id_list'
